[support.light.co/l16-photography/l16-tech-part-1.html]
[support.light.co/l16-photography/l16-tech-part-2.html]
[support.light.co/l16-photography/l16-tech-part-3.html]
[support.light.co/l16-photography/explained-variable-resolution.html]
[support.light.co/l16-photography/where-did-aperture-go.html]
[support.light.co/l16-photography/brian-fulda-desktop-software.html]
[support.light.co/l16-photography/277210-accessories.html]
[support.light.co/l16-photography/how-to-capture-great-photos-in-low-light.html]
[support.light.co/l16-photography/289172-focus-on-the-l16.html]
[support.light.co/l16-photography/291279-tips-for-shooting-with-the-light-l16.html]
[support.light.co/l16-photography/291281-tips-for-editing-your-l16-photos-in-lightroom-and-photoshop.html]
[support.light.co/l16-photography/291282-photographing-landscapes-with-the-light-l16.html]
[support.light.co/l16-photography/291283-taking-portraits-with-the-light-l16.html]
[support.light.co/l16-photography/291284-how-to-take-great-photos-of-kids-and-pets-with-the-light-l16.html]
[support.light.co/l16-photography/291570-how-to-use-light-s-l16-adobe-presets.html]
[support.light.co/l16-photography/296742-tips-for-shooting-macro-photography-with-the-light-l16.html]
[support.light.co/l16-photography/297844-the-art-of-freezing-a-fast-moving-subject.html]
[support.light.co/l16-photography/324207-how-to-edit-low-light-images-from-the-l16.html]
[backblue.gif]
[fade.gif]
[index.html]
[static.helpjuice.com/helpjuice_production/uploads/account/3357/main_css_3357-4f0c66fd941440653992e2434863d3bdb9c8b0037a7a6f5126fa2dea1563f81b.css]
[maxcdn.bootstrapcdn.com/font-awesome/4.7.0/css/font-awesome.min.css]
[cdnjs.cloudflare.com/ajax/libs/flexboxgrid/6.3.0/flexboxgrid.min.css]
[ajax.googleapis.com/ajax/libs/jquery/2.1.1/jquery.min.js]
[cdnjs.cloudflare.com/ajax/libs/modernizr/2.8.3/modernizr.min.js]
[cdn.jsdelivr.net/npm/slick-carousel@1.8.1/slick/slick.css]
[support.light.co/packs/css/knowledgebase-2caff522.css]
[support.light.co/packs/js/knowledgebase-fcc3aca93513951e7069.js]
[static.zdassets.com/ekr/asset_composer.js]
[static.helpjuice.com/helpjuice_production/uploads/upload/image/3357/102891/arrow_down_4x.png]
[support.light.co/assets/easyxdm/easyxdm.min.js]
[static.helpjuice.com/assets/template-ac5762484172e351a5f18410317060e84937bca7ebf92c7f499fc688f7706db6.js]
[support.light.co/assets/questions_widget.js]
[cdnjs.cloudflare.com/ajax/libs/jquery/2.1.1/jquery.min.js]
[cdnjs.cloudflare.com/ajax/libs/jqueryui/1.11.4/jquery-ui.min.js]
[cdnjs.cloudflare.com/ajax/libs/slick-carousel/1.6.0/slick.min.js]
[static.helpjuice.com/assets/knowledge/responsivemenu-86a17116950142b41426c04b0f042c7bcdf0519b7f4e7a9fe1e9d67b48f9b46b.js]
[static.helpjuice.com/assets/jquery.typewatch-14c782b50fde070c995ed3582b19df3e16cd2bf989f259f7b82121913d6b7210.js]
[static.helpjuice.com/assets/knowledge/questions-5f7c86b585e58e01f6b6cb825fcb20b7c719be6b7aaa7b9f1f27cc29c5ae68c2.js]
[static.helpjuice.com/assets/knowledge/contactform-393ba587d203d199f34f03466f29c99af7d0cc9eb653a05c60d4977502eb9e89.js]
[static.helpjuice.com/helpjuice_production/uploads/account/3357/main_js_3357-a06af03550d2de37bbdb7a3ba93b504f48f9e9e9d57e960614e2700ac505f5c9.js]
[cdnjs.cloudflare.com/ajax/libs/jquery-ajaxchimp/1.3.0/jquery.ajaxchimp.min.js]
[static.helpjuice.com/assets/knowledge/decision_trees-ab5fc72b8dc6f02b58a0ab4bd3cd074a7d879215719c6505d1dd45df0bc112e6.js]
[static.helpjuice.com/assets/knowledge/glossary_article-a1bfc345e3d355d6a13e211dbf6a94d81368263e2d441ada8c4743df1764871e.js]
[static.helpjuice.com/assets/helpjuice-2a761bcc33e39daf045ca408148941baa5237217241f6f780e8910fde140c2dd.js]
[static.helpjuice.com/assets/knowledge/glossary-46fe931d51673faa23464c4f518fc7632816d8c5cb231f1a738a566c231cc8c4.js]
[support.light.co/l16-photography/l16-tech-part-1.html]
[support.light.co/l16-photography/l16-tech-part-2.html]
[support.light.co/l16-photography/l16-tech-part-3.html]
[support.light.co/l16-photography/explained-variable-resolution.html]
[support.light.co/l16-photography/where-did-aperture-go.html]
[static.helpjuice.com/helpjuice_production/uploads/upload/image/3357/142857/Depth_effect.png]
[static.helpjuice.com/helpjuice_production/uploads/upload/image/3357/124468/Screen_Shot_2017-08-09_at_1.43.02_PM.png]
[static.helpjuice.com/helpjuice_production/uploads/upload/image/3357/142870/dune_brian_article.png]
[static.helpjuice.com/helpjuice_production/uploads/upload/image/3357/142887/quick-select.gif]
[static.helpjuice.com/helpjuice_production/uploads/upload/image/3357/142890/brush-size.gif]
[static.helpjuice.com/helpjuice_production/uploads/upload/image/3357/142893/match_depth_quick_selection.png]
[static.helpjuice.com/helpjuice_production/uploads/upload/image/3357/142894/final_photo.png]
[support.light.co/l16-photography/brian-fulda-desktop-software.html]
[static.helpjuice.com/helpjuice_production/uploads/upload/image/3357/133151/L16_Gear.jpg]
[static.helpjuice.com/helpjuice_production/uploads/upload/image/3357/133147/L16_wGrayStrap.jpg]
[static.helpjuice.com/helpjuice_production/uploads/upload/image/3357/133247/L16_wPD_Pouch.jpg]
[static.helpjuice.com/helpjuice_production/uploads/upload/image/3357/133170/L16_wZipperPouch.jpg]
[static.helpjuice.com/helpjuice_production/uploads/upload/image/3357/133228/L16_wBumper.jpg]
[static.helpjuice.com/helpjuice_production/uploads/upload/image/3357/133229/L16_wScreenProtector.jpg]
[static.helpjuice.com/helpjuice_production/uploads/upload/image/3357/133148/L16_wTripod_USBstick.jpg]
[static.helpjuice.com/helpjuice_production/uploads/upload/image/3357/133168/L16_wPowerBrick.jpg]
[static.helpjuice.com/helpjuice_production/uploads/upload/image/3357/direct/1524086282524-bluetoothremote web.jpg]
[support.light.co/l16-photography/277210-accessories.html]
[static.helpjuice.com/helpjuice_production/uploads/upload/image/3357/140773/2017-09-07_L16_00663_NICK-SCHEARER_LOWLIGHT_V0151_F15.jpg]
[static.helpjuice.com/helpjuice_production/uploads/upload/image/3357/140774/2017-09-07_L16_00643_NICK-SCHEARER_LOWLIGHT_V0151_F15.jpg]
[static.helpjuice.com/helpjuice_production/uploads/upload/image/3357/140775/2017-09-07_L16_00306_NICK-SCHEARER_LOWLIGHT_V0151_F15.jpg]
[static.helpjuice.com/helpjuice_production/uploads/upload/image/3357/140926/2017-09-07_L16_00649_Nick-Schearer_Lowlight_v0151_f15.jpg]
[support.light.co/l16-photography/how-to-capture-great-photos-in-low-light.html]
[support.light.co/l16-photography/289172-focus-on-the-l16.html]
[static.helpjuice.com/helpjuice_production/uploads/upload/image/3357/152396/Pasted_image_at_2017_11_14_03_36_PM.png]
[static.helpjuice.com/helpjuice_production/uploads/upload/image/3357/152439/L16_wPowerBrick.jpg]
[static.helpjuice.com/helpjuice_production/uploads/upload/image/3357/152403/Adjust-Exposure-1600pxW.png]
[static.helpjuice.com/helpjuice_production/uploads/upload/image/3357/152436/ISO.png]
[support.light.co/l16-photography/291279-tips-for-shooting-with-the-light-l16.html]
[static.helpjuice.com/helpjuice_production/uploads/upload/image/3357/152399/Lumen_Screen_Computer_fade.jpg]
[support.light.co/l16-photography/291281-tips-for-editing-your-l16-photos-in-lightroom-and-photoshop.html]
[static.helpjuice.com/helpjuice_production/uploads/upload/image/3357/152444/L16_00168_Brian_Fulda_05_27.jpg]
[support.light.co/l16-photography/291282-photographing-landscapes-with-the-light-l16.html]
[static.helpjuice.com/helpjuice_production/uploads/upload/image/3357/152445/L16_00147.jpg]
[static.helpjuice.com/helpjuice_production/uploads/upload/image/3357/152447/2017-09-14_L16_00233_Amaal-Said_MuslimWomen-Najwa_f2-18.jpg]
[support.light.co/l16-photography/291283-taking-portraits-with-the-light-l16.html]
[static.helpjuice.com/helpjuice_production/uploads/upload/image/3357/152448/L16_00062-Edit-Edit-Edit-Edit.jpg]
[support.light.co/l16-photography/291284-how-to-take-great-photos-of-kids-and-pets-with-the-light-l16.html]
[static.helpjuice.com/helpjuice_production/uploads/upload/image/3357/152771/L16_00179_control.jpg]
[static.helpjuice.com/helpjuice_production/uploads/upload/image/3357/152772/L16_00179_L16v10.jpg]
[static.helpjuice.com/helpjuice_production/uploads/upload/image/3357/152769/L16_01112_Control.jpg]
[static.helpjuice.com/helpjuice_production/uploads/upload/image/3357/152770/L16_01112_BokehV.jpg]
[support.light.co/l16-photography/291570-how-to-use-light-s-l16-adobe-presets.html]
[static.helpjuice.com/helpjuice_production/uploads/upload/image/3357/direct/1517353287890-Juan_Cruz_7_11_2017-Edit-2 (1).jpg]
[static.helpjuice.com/helpjuice_production/uploads/upload/image/3357/direct/1521061847304-180302_Brooks_Peterson_Butterfly_L16_00523_preview (1).jpg]
[support.light.co/l16-photography/296742-tips-for-shooting-macro-photography-with-the-light-l16.html]
[static.helpjuice.com/helpjuice_production/uploads/upload/image/3357/direct/1517879570021-180109_Lamarr_Golding_London_Parkour_L16_01317 copy.jpg]
[support.light.co/l16-photography/297844-the-art-of-freezing-a-fast-moving-subject.html]
[static.helpjuice.com/helpjuice_production/uploads/upload/image/3357/direct/1529707300757-L16_00466 before after.jpg]
[static.helpjuice.com/helpjuice_production/uploads/upload/image/3357/direct/1529709786923-L16_00466.jpg]
[static.helpjuice.com/helpjuice_production/uploads/upload/image/3357/direct/1529708335012-L16_00466-29 Blue Saturation.jpg]
[support.light.co/l16-photography/324207-how-to-edit-low-light-images-from-the-l16.html]
[static.helpjuice.com/helpjuice_production/uploads/upload/image/3357/direct/1529710209168-L16_00466.gif]
[s3.us-east-2.amazonaws.com/light-prod-assets/favicons/favicon-64x64.png]
[static.helpjuice.com/helpjuice_production/uploads/account/3357/main_css_3357-4f0c66fd941440653992e2434863d3bdb9c8b0037a7a6f5126fa2dea1563f81b.css]
[static.helpjuice.com/helpjuice_production/uploads/upload/image/3357/119208/start-bg.jpg]
[maxcdn.bootstrapcdn.com/font-awesome/4.7.0/css/font-awesome.min.css]
[cdnjs.cloudflare.com/ajax/libs/flexboxgrid/6.3.0/flexboxgrid.min.css]
[s3.amazonaws.com/icomoon.io/84375/User-guide/style66e0.css]
[cdn.jsdelivr.net/npm/slick-carousel@1.8.1/slick/slick.css]
[support.light.co/packs/css/knowledgebase-2caff522.css]
[support.light.co/l16-photography/_219a.html]
[s3-us-west-2.amazonaws.com/solvvy-ui/zd-deflection/v2/light/prod/solvvy.plugin.js]
[static.helpjuice.com/helpjuice_production/uploads/upload/image/3357/direct/1529708250774-L16_00466+2500K WB and Dome Brighten +25.jpg]
[static.helpjuice.com/helpjuice_production/uploads/upload/image/3357/direct/1529708966496-L16_00466Contrast +29 Vibrance +25 WB +500.jpg]
[static.helpjuice.com/helpjuice_production/uploads/upload/image/3357/direct/1529709109367-L16_00466Final sharpening +40 Noise reduction +17 Export.jpg]
[s3.amazonaws.com/helpjuice-static/helpjuice_production/uploads/upload/image/1885/direct/1536781338012-helpjuice-alert-boxes.css]
